127.0.0.1 - - [21/Jun/2022:14:41:04 +0900] "GET / HTTP/1.1" 404 807
127.0.0.1 - - [21/Jun/2022:14:58:40 +0900] "GET / HTTP/1.1" 404 807
0:0:0:0:0:0:0:1 - - [21/Jun/2022:14:58:41 +0900] "GET /step00_intro/FirstServlet HTTP/1.1" 200 24
0:0:0:0:0:0:0:1 - - [21/Jun/2022:15:03:36 +0900] "GET /step00_intro/FirstServlet2 HTTP/1.1" 404 837
0:0:0:0:0:0:0:1 - - [21/Jun/2022:15:08:48 +0900] "GET /step00_intro/FirstServlet2 HTTP/1.1" 404 837
0:0:0:0:0:0:0:1 - - [21/Jun/2022:15:09:02 +0900] "GET /step00_intro/FirstServlet HTTP/1.1" 200 24
127.0.0.1 - - [21/Jun/2022:15:57:25 +0900] "GET / HTTP/1.1" 404 807
0:0:0:0:0:0:0:1 - - [21/Jun/2022:15:57:25 +0900] "GET /step01_basic/FirstServlet HTTP/1.1" 200 24
0:0:0:0:0:0:0:1 - - [21/Jun/2022:15:57:29 +0900] "GET /step00_intro/FirstServlet HTTP/1.1" 200 24
0:0:0:0:0:0:0:1 - - [21/Jun/2022:15:57:30 +0900] "GET /step00_intro/FirstServlet2 HTTP/1.1" 404 837
0:0:0:0:0:0:0:1 - - [21/Jun/2022:15:58:02 +0900] "GET /step01_basic/FirstServlet HTTP/1.1" 200 24
127.0.0.1 - - [21/Jun/2022:16:03:29 +0900] "GET / HTTP/1.1" 404 807
0:0:0:0:0:0:0:1 - - [21/Jun/2022:16:03:29 +0900] "GET /step01_basic/WEB-INF/web.xml HTTP/1.1" 404 721
0:0:0:0:0:0:0:1 - - [21/Jun/2022:16:04:36 +0900] "GET /step01_basic/WEB-INF/web.xml HTTP/1.1" 404 721
127.0.0.1 - - [21/Jun/2022:16:05:03 +0900] "GET / HTTP/1.1" 404 807
0:0:0:0:0:0:0:1 - - [21/Jun/2022:16:05:04 +0900] "GET /step01_basic/WEB-INF/web.xml HTTP/1.1" 404 721
0:0:0:0:0:0:0:1 - - [21/Jun/2022:16:05:23 +0900] "GET /step01_basic/busan HTTP/1.1" 200 24
127.0.0.1 - - [21/Jun/2022:16:08:19 +0900] "GET / HTTP/1.1" 404 807
0:0:0:0:0:0:0:1 - - [21/Jun/2022:16:08:20 +0900] "GET /step01_basic/seoul HTTP/1.1" 200 24
127.0.0.1 - - [21/Jun/2022:16:24:29 +0900] "GET / HTTP/1.1" 404 807
0:0:0:0:0:0:0:1 - - [21/Jun/2022:16:24:29 +0900] "GET /step01_basic/login.html HTTP/1.1" 200 361
127.0.0.1 - - [21/Jun/2022:16:28:01 +0900] "GET / HTTP/1.1" 404 807
0:0:0:0:0:0:0:1 - - [21/Jun/2022:16:28:02 +0900] "GET /step01_basic/login.html HTTP/1.1" 200 442
0:0:0:0:0:0:0:1 - - [21/Jun/2022:16:28:09 +0900] "GET /step01_basic/login.html?id=&pw= HTTP/1.1" 200 442
0:0:0:0:0:0:0:1 - - [21/Jun/2022:16:28:15 +0900] "GET /step01_basic/login.html?id=&pw= HTTP/1.1" 304 -
0:0:0:0:0:0:0:1 - - [21/Jun/2022:16:33:34 +0900] "GET /step01_basic/login.html?id=&pw= HTTP/1.1" 200 461
0:0:0:0:0:0:0:1 - - [21/Jun/2022:16:33:35 +0900] "GET /step01_basic/login.html?id=&pw= HTTP/1.1" 200 461
0:0:0:0:0:0:0:1 - - [21/Jun/2022:16:33:39 +0900] "GET /step01_basic/login.html?id=&pw= HTTP/1.1" 200 461
0:0:0:0:0:0:0:1 - - [21/Jun/2022:16:33:39 +0900] "GET /step01_basic/login.html?id=&pw= HTTP/1.1" 200 461
0:0:0:0:0:0:0:1 - - [21/Jun/2022:16:33:40 +0900] "GET /step01_basic/login.html?id=&pw= HTTP/1.1" 200 461
0:0:0:0:0:0:0:1 - - [21/Jun/2022:16:33:41 +0900] "GET /step01_basic/login.html?id=&pw= HTTP/1.1" 200 461
0:0:0:0:0:0:0:1 - - [21/Jun/2022:17:06:57 +0900] "GET /step01_basic/check?id=Dd&pw= HTTP/1.1" 404 829
0:0:0:0:0:0:0:1 - - [21/Jun/2022:17:08:40 +0900] "GET /step01_basic/check?id=Dd&pw= HTTP/1.1" 404 829
127.0.0.1 - - [21/Jun/2022:17:09:26 +0900] "GET / HTTP/1.1" 404 807
0:0:0:0:0:0:0:1 - - [21/Jun/2022:17:09:26 +0900] "GET /step01_basic/login.html HTTP/1.1" 200 462
0:0:0:0:0:0:0:1 - - [21/Jun/2022:17:09:29 +0900] "GET /step01_basic/check?id=Dd&pw= HTTP/1.1" 200 -
0:0:0:0:0:0:0:1 - - [21/Jun/2022:17:10:54 +0900] "GET /step01_basic/check?id=Dd&pw= HTTP/1.1" 200 -
0:0:0:0:0:0:0:1 - - [21/Jun/2022:17:11:00 +0900] "GET /step01_basic/check?id=Dd&pw= HTTP/1.1" 200 -
0:0:0:0:0:0:0:1 - - [21/Jun/2022:17:11:29 +0900] "GET /step01_basic/check?id=Dd&pw= HTTP/1.1" 200 -
0:0:0:0:0:0:0:1 - - [21/Jun/2022:17:11:33 +0900] "GET /step01_basic/check?id=Dd&pw= HTTP/1.1" 200 -
127.0.0.1 - - [21/Jun/2022:17:11:51 +0900] "GET / HTTP/1.1" 404 807
0:0:0:0:0:0:0:1 - - [21/Jun/2022:17:11:51 +0900] "GET /step01_basic/login.html HTTP/1.1" 200 461
0:0:0:0:0:0:0:1 - - [21/Jun/2022:17:11:59 +0900] "GET /step01_basic/check?id=Df&pw= HTTP/1.1" 200 -
127.0.0.1 - - [21/Jun/2022:17:12:47 +0900] "GET / HTTP/1.1" 404 807
0:0:0:0:0:0:0:1 - - [21/Jun/2022:17:13:08 +0900] "GET /step01_basic/login.html HTTP/1.1" 200 460
0:0:0:0:0:0:0:1 - - [21/Jun/2022:17:15:22 +0900] "GET /step01_basic/check?id=Dd&pw= HTTP/1.1" 200 -
127.0.0.1 - - [21/Jun/2022:17:16:07 +0900] "GET / HTTP/1.1" 404 807
0:0:0:0:0:0:0:1 - - [21/Jun/2022:17:16:07 +0900] "GET /step01_basic/login.html HTTP/1.1" 200 461
0:0:0:0:0:0:0:1 - - [21/Jun/2022:17:16:09 +0900] "POST /step01_basic/check HTTP/1.1" 200 -
127.0.0.1 - - [21/Jun/2022:17:23:47 +0900] "GET / HTTP/1.1" 404 807
0:0:0:0:0:0:0:1 - - [21/Jun/2022:17:23:47 +0900] "GET /step01_basic/check HTTP/1.1" 200 -
127.0.0.1 - - [21/Jun/2022:17:30:15 +0900] "GET / HTTP/1.1" 404 807
0:0:0:0:0:0:0:1 - - [21/Jun/2022:17:30:16 +0900] "GET /step01_basic/login.html HTTP/1.1" 200 461
0:0:0:0:0:0:0:1 - - [21/Jun/2022:17:30:20 +0900] "POST /step01_basic/check HTTP/1.1" 200 10
127.0.0.1 - - [21/Jun/2022:17:33:18 +0900] "GET / HTTP/1.1" 404 807
0:0:0:0:0:0:0:1 - - [21/Jun/2022:17:33:18 +0900] "GET /step01_basic/check HTTP/1.1" 200 -
0:0:0:0:0:0:0:1 - - [21/Jun/2022:17:33:27 +0900] "GET /step01_basic/login.html HTTP/1.1" 304 -
0:0:0:0:0:0:0:1 - - [21/Jun/2022:17:33:32 +0900] "POST /step01_basic/check HTTP/1.1" 200 20
127.0.0.1 - - [21/Jun/2022:17:35:12 +0900] "GET / HTTP/1.1" 404 807
0:0:0:0:0:0:0:1 - - [21/Jun/2022:17:35:15 +0900] "POST /step01_basic/check HTTP/1.1" 200 22
0:0:0:0:0:0:0:1 - - [21/Jun/2022:17:35:28 +0900] "GET /step01_basic/login.html HTTP/1.1" 304 -
0:0:0:0:0:0:0:1 - - [21/Jun/2022:17:35:36 +0900] "POST /step01_basic/check HTTP/1.1" 200 24
127.0.0.1 - - [21/Jun/2022:17:37:02 +0900] "GET / HTTP/1.1" 404 807
0:0:0:0:0:0:0:1 - - [21/Jun/2022:17:37:09 +0900] "POST /step01_basic/check HTTP/1.1" 200 29
127.0.0.1 - - [21/Jun/2022:17:37:57 +0900] "GET / HTTP/1.1" 404 807
0:0:0:0:0:0:0:1 - - [21/Jun/2022:17:37:57 +0900] "GET /step01_basic/check HTTP/1.1" 200 -
0:0:0:0:0:0:0:1 - - [21/Jun/2022:17:38:05 +0900] "GET /step01_basic/login.html HTTP/1.1" 304 -
0:0:0:0:0:0:0:1 - - [21/Jun/2022:17:38:09 +0900] "POST /step01_basic/check HTTP/1.1" 200 29
127.0.0.1 - - [21/Jun/2022:17:39:39 +0900] "GET / HTTP/1.1" 404 807
0:0:0:0:0:0:0:1 - - [21/Jun/2022:17:39:43 +0900] "POST /step01_basic/check HTTP/1.1" 200 29
0:0:0:0:0:0:0:1 - - [21/Jun/2022:17:40:48 +0900] "POST /step01_basic/check HTTP/1.1" 200 35
127.0.0.1 - - [21/Jun/2022:17:41:31 +0900] "GET / HTTP/1.1" 404 807
0:0:0:0:0:0:0:1 - - [21/Jun/2022:17:41:31 +0900] "GET /step01_basic/check HTTP/1.1" 200 -
0:0:0:0:0:0:0:1 - - [21/Jun/2022:17:41:42 +0900] "GET /step01_basic/check HTTP/1.1" 200 -
0:0:0:0:0:0:0:1 - - [21/Jun/2022:17:41:43 +0900] "GET /step01_basic/check HTTP/1.1" 200 -
0:0:0:0:0:0:0:1 - - [21/Jun/2022:17:41:44 +0900] "GET /step01_basic/check HTTP/1.1" 200 -
0:0:0:0:0:0:0:1 - - [21/Jun/2022:17:41:48 +0900] "GET /step01_basic/login.html HTTP/1.1" 200 462
0:0:0:0:0:0:0:1 - - [21/Jun/2022:17:42:06 +0900] "GET /step01_basic/login.html HTTP/1.1" 200 459
0:0:0:0:0:0:0:1 - - [21/Jun/2022:17:42:08 +0900] "POST /step01_basic/check HTTP/1.1" 200 29
127.0.0.1 - - [21/Jun/2022:17:49:58 +0900] "GET / HTTP/1.1" 404 807
0:0:0:0:0:0:0:1 - - [21/Jun/2022:17:49:58 +0900] "GET /step01_basic/login.html HTTP/1.1" 304 -
0:0:0:0:0:0:0:1 - - [21/Jun/2022:17:50:02 +0900] "POST /step01_basic/check HTTP/1.1" 200 29
127.0.0.1 - - [21/Jun/2022:17:52:57 +0900] "GET / HTTP/1.1" 404 807
0:0:0:0:0:0:0:1 - - [21/Jun/2022:17:52:57 +0900] "GET /step01_basic/views/choice.html HTTP/1.1" 200 632
0:0:0:0:0:0:0:1 - - [21/Jun/2022:17:53:32 +0900] "POST /step01_basic/views/choice.html HTTP/1.1" 200 632
127.0.0.1 - - [21/Jun/2022:18:11:23 +0900] "GET / HTTP/1.1" 404 807
0:0:0:0:0:0:0:1 - - [21/Jun/2022:18:11:24 +0900] "GET /step01_basic/views/choice.html HTTP/1.1" 200 637
0:0:0:0:0:0:0:1 - - [21/Jun/2022:18:11:28 +0900] "POST /step01_basic/views/print HTTP/1.1" 404 839
0:0:0:0:0:0:0:1 - - [21/Jun/2022:18:12:11 +0900] "GET /step01_basic/print HTTP/1.1" 405 825
0:0:0:0:0:0:0:1 - - [21/Jun/2022:18:13:39 +0900] "POST /step01_basic/views/print HTTP/1.1" 404 839
0:0:0:0:0:0:0:1 - - [21/Jun/2022:18:14:55 +0900] "GET /step01_basic/views/choice.html HTTP/1.1" 200 640
0:0:0:0:0:0:0:1 - - [21/Jun/2022:18:14:59 +0900] "POST /step01_basic/print HTTP/1.1" 500 54533
0:0:0:0:0:0:0:1 - - [21/Jun/2022:18:16:10 +0900] "GET /step01_basic/views/choice.html HTTP/1.1" 200 640
0:0:0:0:0:0:0:1 - - [21/Jun/2022:18:16:12 +0900] "POST /step01_basic/print HTTP/1.1" 500 54496
127.0.0.1 - - [21/Jun/2022:18:22:03 +0900] "GET / HTTP/1.1" 404 807
0:0:0:0:0:0:0:1 - - [21/Jun/2022:18:22:03 +0900] "GET /step01_basic/views/choice.html HTTP/1.1" 304 -
0:0:0:0:0:0:0:1 - - [21/Jun/2022:18:22:06 +0900] "POST /step01_basic/print HTTP/1.1" 500 54533
127.0.0.1 - - [21/Jun/2022:18:24:54 +0900] "GET / HTTP/1.1" 404 807
0:0:0:0:0:0:0:1 - - [21/Jun/2022:18:24:54 +0900] "GET /step01_basic/print HTTP/1.1" 405 825
0:0:0:0:0:0:0:1 - - [21/Jun/2022:18:25:10 +0900] "GET /step01_basic/views/choice.html HTTP/1.1" 304 -
0:0:0:0:0:0:0:1 - - [21/Jun/2022:18:25:13 +0900] "POST /step01_basic/print HTTP/1.1" 500 54466
127.0.0.1 - - [21/Jun/2022:18:26:29 +0900] "GET / HTTP/1.1" 404 807
0:0:0:0:0:0:0:1 - - [21/Jun/2022:18:26:30 +0900] "GET /step01_basic/views/choice.html HTTP/1.1" 304 -
0:0:0:0:0:0:0:1 - - [21/Jun/2022:18:26:32 +0900] "POST /step01_basic/print HTTP/1.1" 200 -
0:0:0:0:0:0:0:1 - - [21/Jun/2022:18:26:42 +0900] "POST /step01_basic/print HTTP/1.1" 200 -
